  Game.cpp
C:\SFML-3.0.0\include\SFML\System\Exception.hpp(41,47): warning C4275: non dll-interface class 'std::runtime_error' used as base for dll-interface class 'sf::Exception'
  (compiling source file 'Game.cpp')
      C:\Program Files\Microsoft Visual Studio\2022\Community\VC\Tools\MSVC\14.43.34808\include\stdexcept(100,19):
      see declaration of 'std::runtime_error'
      C:\SFML-3.0.0\include\SFML\System\Exception.hpp(41,23):
      see declaration of 'sf::Exception'
  
C:\Users\C00310517\Desktop\MOTION_GRAHICS_II_2026\LAB 3\One Button Platform Game\One Button Platform Game\Game.h(33,48): warning C4305: 'initializing': truncation from 'double' to 'float'
  (compiling source file 'Game.cpp')
  
C:\Users\C00310517\Desktop\MOTION_GRAHICS_II_2026\LAB 3\One Button Platform Game\One Button Platform Game\Game.h(72,64): warning C4244: 'argument': conversion from 'int' to 'T', possible loss of data
C:\Users\C00310517\Desktop\MOTION_GRAHICS_II_2026\LAB 3\One Button Platform Game\One Button Platform Game\Game.h(72,64): warning C4244:         with
C:\Users\C00310517\Desktop\MOTION_GRAHICS_II_2026\LAB 3\One Button Platform Game\One Button Platform Game\Game.h(72,64): warning C4244:         [
C:\Users\C00310517\Desktop\MOTION_GRAHICS_II_2026\LAB 3\One Button Platform Game\One Button Platform Game\Game.h(72,64): warning C4244:             T=float
C:\Users\C00310517\Desktop\MOTION_GRAHICS_II_2026\LAB 3\One Button Platform Game\One Button Platform Game\Game.h(72,64): warning C4244:         ]
  (compiling source file 'Game.cpp')
  
C:\Users\C00310517\Desktop\MOTION_GRAHICS_II_2026\LAB 3\One Button Platform Game\One Button Platform Game\Game.h(72,49): warning C4244: 'argument': conversion from 'int' to 'T', possible loss of data
C:\Users\C00310517\Desktop\MOTION_GRAHICS_II_2026\LAB 3\One Button Platform Game\One Button Platform Game\Game.h(72,49): warning C4244:         with
C:\Users\C00310517\Desktop\MOTION_GRAHICS_II_2026\LAB 3\One Button Platform Game\One Button Platform Game\Game.h(72,49): warning C4244:         [
C:\Users\C00310517\Desktop\MOTION_GRAHICS_II_2026\LAB 3\One Button Platform Game\One Button Platform Game\Game.h(72,49): warning C4244:             T=float
C:\Users\C00310517\Desktop\MOTION_GRAHICS_II_2026\LAB 3\One Button Platform Game\One Button Platform Game\Game.h(72,49): warning C4244:         ]
  (compiling source file 'Game.cpp')
  
C:\Users\C00310517\Desktop\MOTION_GRAHICS_II_2026\LAB 3\One Button Platform Game\One Button Platform Game\Game.h(84,60): warning C4244: 'argument': conversion from 'int' to 'T', possible loss of data
C:\Users\C00310517\Desktop\MOTION_GRAHICS_II_2026\LAB 3\One Button Platform Game\One Button Platform Game\Game.h(84,60): warning C4244:         with
C:\Users\C00310517\Desktop\MOTION_GRAHICS_II_2026\LAB 3\One Button Platform Game\One Button Platform Game\Game.h(84,60): warning C4244:         [
C:\Users\C00310517\Desktop\MOTION_GRAHICS_II_2026\LAB 3\One Button Platform Game\One Button Platform Game\Game.h(84,60): warning C4244:             T=float
C:\Users\C00310517\Desktop\MOTION_GRAHICS_II_2026\LAB 3\One Button Platform Game\One Button Platform Game\Game.h(84,60): warning C4244:         ]
  (compiling source file 'Game.cpp')
  
C:\Users\C00310517\Desktop\MOTION_GRAHICS_II_2026\LAB 3\One Button Platform Game\One Button Platform Game\Game.h(84,50): warning C4244: 'argument': conversion from 'int' to 'T', possible loss of data
C:\Users\C00310517\Desktop\MOTION_GRAHICS_II_2026\LAB 3\One Button Platform Game\One Button Platform Game\Game.h(84,50): warning C4244:         with
C:\Users\C00310517\Desktop\MOTION_GRAHICS_II_2026\LAB 3\One Button Platform Game\One Button Platform Game\Game.h(84,50): warning C4244:         [
C:\Users\C00310517\Desktop\MOTION_GRAHICS_II_2026\LAB 3\One Button Platform Game\One Button Platform Game\Game.h(84,50): warning C4244:             T=float
C:\Users\C00310517\Desktop\MOTION_GRAHICS_II_2026\LAB 3\One Button Platform Game\One Button Platform Game\Game.h(84,50): warning C4244:         ]
  (compiling source file 'Game.cpp')
  
C:\Users\C00310517\Desktop\MOTION_GRAHICS_II_2026\LAB 3\One Button Platform Game\One Button Platform Game\Game.h(149,41): warning C4305: 'argument': truncation from 'double' to 'T'
C:\Users\C00310517\Desktop\MOTION_GRAHICS_II_2026\LAB 3\One Button Platform Game\One Button Platform Game\Game.h(149,41): warning C4305:         with
C:\Users\C00310517\Desktop\MOTION_GRAHICS_II_2026\LAB 3\One Button Platform Game\One Button Platform Game\Game.h(149,41): warning C4305:         [
C:\Users\C00310517\Desktop\MOTION_GRAHICS_II_2026\LAB 3\One Button Platform Game\One Button Platform Game\Game.h(149,41): warning C4305:             T=float
C:\Users\C00310517\Desktop\MOTION_GRAHICS_II_2026\LAB 3\One Button Platform Game\One Button Platform Game\Game.h(149,41): warning C4305:         ]
  (compiling source file 'Game.cpp')
  
C:\Users\C00310517\Desktop\MOTION_GRAHICS_II_2026\LAB 3\One Button Platform Game\One Button Platform Game\Game.h(157,18): warning C4305: '=': truncation from 'double' to 'float'
  (compiling source file 'Game.cpp')
  
C:\Users\C00310517\Desktop\MOTION_GRAHICS_II_2026\LAB 3\One Button Platform Game\One Button Platform Game\Game.h(164,15): warning C4305: '=': truncation from 'double' to 'float'
  (compiling source file 'Game.cpp')
  
  main.cpp
C:\SFML-3.0.0\include\SFML\System\Exception.hpp(41,47): warning C4275: non dll-interface class 'std::runtime_error' used as base for dll-interface class 'sf::Exception'
  (compiling source file 'main.cpp')
      C:\Program Files\Microsoft Visual Studio\2022\Community\VC\Tools\MSVC\14.43.34808\include\stdexcept(100,19):
      see declaration of 'std::runtime_error'
      C:\SFML-3.0.0\include\SFML\System\Exception.hpp(41,23):
      see declaration of 'sf::Exception'
  
C:\Users\C00310517\Desktop\MOTION_GRAHICS_II_2026\LAB 3\One Button Platform Game\One Button Platform Game\Game.h(33,48): warning C4305: 'initializing': truncation from 'double' to 'float'
  (compiling source file 'main.cpp')
  
C:\Users\C00310517\Desktop\MOTION_GRAHICS_II_2026\LAB 3\One Button Platform Game\One Button Platform Game\Game.h(72,64): warning C4244: 'argument': conversion from 'int' to 'T', possible loss of data
C:\Users\C00310517\Desktop\MOTION_GRAHICS_II_2026\LAB 3\One Button Platform Game\One Button Platform Game\Game.h(72,64): warning C4244:         with
C:\Users\C00310517\Desktop\MOTION_GRAHICS_II_2026\LAB 3\One Button Platform Game\One Button Platform Game\Game.h(72,64): warning C4244:         [
C:\Users\C00310517\Desktop\MOTION_GRAHICS_II_2026\LAB 3\One Button Platform Game\One Button Platform Game\Game.h(72,64): warning C4244:             T=float
C:\Users\C00310517\Desktop\MOTION_GRAHICS_II_2026\LAB 3\One Button Platform Game\One Button Platform Game\Game.h(72,64): warning C4244:         ]
  (compiling source file 'main.cpp')
  
C:\Users\C00310517\Desktop\MOTION_GRAHICS_II_2026\LAB 3\One Button Platform Game\One Button Platform Game\Game.h(72,49): warning C4244: 'argument': conversion from 'int' to 'T', possible loss of data
C:\Users\C00310517\Desktop\MOTION_GRAHICS_II_2026\LAB 3\One Button Platform Game\One Button Platform Game\Game.h(72,49): warning C4244:         with
C:\Users\C00310517\Desktop\MOTION_GRAHICS_II_2026\LAB 3\One Button Platform Game\One Button Platform Game\Game.h(72,49): warning C4244:         [
C:\Users\C00310517\Desktop\MOTION_GRAHICS_II_2026\LAB 3\One Button Platform Game\One Button Platform Game\Game.h(72,49): warning C4244:             T=float
C:\Users\C00310517\Desktop\MOTION_GRAHICS_II_2026\LAB 3\One Button Platform Game\One Button Platform Game\Game.h(72,49): warning C4244:         ]
  (compiling source file 'main.cpp')
  
C:\Users\C00310517\Desktop\MOTION_GRAHICS_II_2026\LAB 3\One Button Platform Game\One Button Platform Game\Game.h(84,60): warning C4244: 'argument': conversion from 'int' to 'T', possible loss of data
C:\Users\C00310517\Desktop\MOTION_GRAHICS_II_2026\LAB 3\One Button Platform Game\One Button Platform Game\Game.h(84,60): warning C4244:         with
C:\Users\C00310517\Desktop\MOTION_GRAHICS_II_2026\LAB 3\One Button Platform Game\One Button Platform Game\Game.h(84,60): warning C4244:         [
C:\Users\C00310517\Desktop\MOTION_GRAHICS_II_2026\LAB 3\One Button Platform Game\One Button Platform Game\Game.h(84,60): warning C4244:             T=float
C:\Users\C00310517\Desktop\MOTION_GRAHICS_II_2026\LAB 3\One Button Platform Game\One Button Platform Game\Game.h(84,60): warning C4244:         ]
  (compiling source file 'main.cpp')
  
C:\Users\C00310517\Desktop\MOTION_GRAHICS_II_2026\LAB 3\One Button Platform Game\One Button Platform Game\Game.h(84,50): warning C4244: 'argument': conversion from 'int' to 'T', possible loss of data
C:\Users\C00310517\Desktop\MOTION_GRAHICS_II_2026\LAB 3\One Button Platform Game\One Button Platform Game\Game.h(84,50): warning C4244:         with
C:\Users\C00310517\Desktop\MOTION_GRAHICS_II_2026\LAB 3\One Button Platform Game\One Button Platform Game\Game.h(84,50): warning C4244:         [
C:\Users\C00310517\Desktop\MOTION_GRAHICS_II_2026\LAB 3\One Button Platform Game\One Button Platform Game\Game.h(84,50): warning C4244:             T=float
C:\Users\C00310517\Desktop\MOTION_GRAHICS_II_2026\LAB 3\One Button Platform Game\One Button Platform Game\Game.h(84,50): warning C4244:         ]
  (compiling source file 'main.cpp')
  
C:\Users\C00310517\Desktop\MOTION_GRAHICS_II_2026\LAB 3\One Button Platform Game\One Button Platform Game\Game.h(149,41): warning C4305: 'argument': truncation from 'double' to 'T'
C:\Users\C00310517\Desktop\MOTION_GRAHICS_II_2026\LAB 3\One Button Platform Game\One Button Platform Game\Game.h(149,41): warning C4305:         with
C:\Users\C00310517\Desktop\MOTION_GRAHICS_II_2026\LAB 3\One Button Platform Game\One Button Platform Game\Game.h(149,41): warning C4305:         [
C:\Users\C00310517\Desktop\MOTION_GRAHICS_II_2026\LAB 3\One Button Platform Game\One Button Platform Game\Game.h(149,41): warning C4305:             T=float
C:\Users\C00310517\Desktop\MOTION_GRAHICS_II_2026\LAB 3\One Button Platform Game\One Button Platform Game\Game.h(149,41): warning C4305:         ]
  (compiling source file 'main.cpp')
  
C:\Users\C00310517\Desktop\MOTION_GRAHICS_II_2026\LAB 3\One Button Platform Game\One Button Platform Game\Game.h(157,18): warning C4305: '=': truncation from 'double' to 'float'
  (compiling source file 'main.cpp')
  
C:\Users\C00310517\Desktop\MOTION_GRAHICS_II_2026\LAB 3\One Button Platform Game\One Button Platform Game\Game.h(164,15): warning C4305: '=': truncation from 'double' to 'float'
  (compiling source file 'main.cpp')
  
  Generating Code...
  One Button Platform Game.vcxproj -> C:\Users\C00310517\Desktop\MOTION_GRAHICS_II_2026\LAB 3\One Button Platform Game\Debug\One Button Platform Game.exe
